******************************************************************************
                  TMS470 Linker PC v4.6.3                      
******************************************************************************
>> Linked Mon Feb 07 12:47:37 2011

OUTPUT FILE NAME:   <hello.out>
ENTRY POINT SYMBOL: "_c_int00"  address: 00000a79


MEMORY CONFIGURATION

         name            origin    length      used     unused   attr    fill
----------------------  --------  ---------  --------  --------  ----  --------
  FLASH                 00000000   00040000  00000ed6  0003f12a  R  X
  SRAM                  20000000   00010000  00000120  0000fee0  RW X


SEGMENT ALLOCATION MAP

run origin  load origin   length   init length attrs members
----------  ----------- ---------- ----------- ----- -------
00000000    00000000    00000ed8   00000ed8    r-x
  00000000    00000000    000000f0   000000f0    r-- .intvecs
  000000f0    000000f0    00000ad6   00000ad6    r-x .text
  00000bc8    00000bc8    000002d8   000002d8    r-- .const
  00000ea0    00000ea0    00000038   00000038    r-- .cinit
20000000    20000000    00000100   00000000    rw-
  20000000    20000000    00000100   00000000    rw- .stack
20000100    20000100    00000020   00000014    rw-
  20000100    20000100    00000014   00000014    rw- .data
  20000114    20000114    0000000c   00000000    rw- .bss


SECTION ALLOCATION MAP

 output                                  attributes/
section   page    origin      length       input sections
--------  ----  ----------  ----------   ----------------
.intvecs   0    00000000    000000f0     
                  00000000    000000f0     startup_ccs.obj (.intvecs)

.text      0    000000f0    00000ad6     
                  000000f0    000001ac     driverlib.lib : sysctl.obj (.text:SysCtlClockGet)
                  0000029c    0000012c                   : sysctl.obj (.text:SysCtlClockSet)
                  000003c8    000000d4     rit128x96x4.obj (.text:RIT128x96x4StringDraw)
                  0000049c    000000cc     driverlib.lib : gpio.obj (.text:GPIOPadConfigSet)
                  00000568    000000a4     rit128x96x4.obj (.text:RIT128x96x4Init)
                  0000060c    0000009c     rtsv7M3_T_le_eabi.lib : memcpy_t2.obj (.text)
                  000006a8    00000094                           : auto_init.obj (.text)
                  0000073c    00000078                           : memset_t2.obj (.text)
                  000007b4    00000064     rit128x96x4.obj (.text:RITWriteCommand)
                  00000818    00000064     rit128x96x4.obj (.text:RITWriteData)
                  0000087c    00000060     rit128x96x4.obj (.text:RIT128x96x4Enable)
                  000008dc    0000004c     rtsv7M3_T_le_eabi.lib : cpy_tbl.obj (.text)
                  00000928    00000048     rit128x96x4.obj (.text:RIT128x96x4Clear)
                  00000970    00000048     driverlib.lib : ssi.obj (.text:SSIConfigSetExpClk)
                  000009b8    00000048     rtsv7M3_T_le_eabi.lib : copy_decompress_rle.obj (.text:decompress:rle)
                  00000a00    00000044                           : exit.obj (.text)
                  00000a44    00000034     hello.obj (.text:main)
                  00000a78    00000034     rtsv7M3_T_le_eabi.lib : boot.obj (.text)
                  00000aac    0000002e     driverlib.lib : gpio.obj (.text:GPIODirModeSet)
                  00000ada    00000002     startup_ccs.obj (.text:FaultISR)
                  00000adc    00000020     driverlib.lib : sysctl.obj (.text:SysCtlPeripheralEnable)
                  00000afc    00000020     rtsv7M3_T_le_eabi.lib : args_main.obj (.text)
                  00000b1c    00000018                           : _lock.obj (.text)
                  00000b34    00000012     driverlib.lib : gpio.obj (.text:GPIOPinTypeGPIOOutput)
                  00000b46    00000012                   : gpio.obj (.text:GPIOPinTypeSSI)
                  00000b58    00000012     rtsv7M3_T_le_eabi.lib : copy_decompress_none.obj (.text:decompress:none)
                  00000b6a    00000010                           : copy_zero_init.obj (.text:decompress:ZI)
                  00000b7a    00000002     startup_ccs.obj (.text:IntDefaultHandler)
                  00000b7c    0000000c     rit128x96x4.obj (.text:RIT128x96x4DisplayOff)
                  00000b88    0000000a     driverlib.lib : ssi.obj (.text:SSIBusy)
                  00000b92    0000000a                   : ssi.obj (.text:SSIDataPut)
                  00000b9c    0000000a                   : ssi.obj (.text:SSIDisable)
                  00000ba6    0000000a                   : ssi.obj (.text:SSIEnable)
                  00000bb0    00000006                   : gpio.obj (.text:GPIOPinWrite)
                  00000bb6    00000006     startup_ccs.obj (.text:ResetISR)
                  00000bbc    00000006     driverlib.lib : sysctl.obj (.text:SysCtlDelay)
                  00000bc2    00000002     startup_ccs.obj (.text:NmiSR)
                  00000bc4    00000002     rtsv7M3_T_le_eabi.lib : tdeh_init.obj (.text)

.const     0    00000bc8    000002d8     
                  00000bc8    000001e0     rit128x96x4.obj (.const:g_pucFont)
                  00000da8    0000005c     driverlib.lib : sysctl.obj (.const:g_pulXtals)
                  00000e04    0000004f     rit128x96x4.obj (.const:g_pucRIT128x96x4Init)
                  00000e53    00000001     --HOLE-- [fill = 0]
                  00000e54    00000040     driverlib.lib : sysctl.obj (.const)
                  00000e94    0000000c     rit128x96x4.obj (.const)

.cinit     0    00000ea0    00000038     
                  00000ea0    0000000f     (.cinit..data.load) [load image, compression = rle]
                  00000eaf    00000001     --HOLE-- [fill = 0]
                  00000eb0    0000000c     (__TI_handler_table)
                  00000ebc    00000004     --HOLE-- [fill = 0]
                  00000ec0    00000008     (.cinit..bss.load) [load image, compression = zero_init]
                  00000ec8    00000010     (__TI_cinit_table)

.stack     0    20000000    00000100     UNINITIALIZED
                  20000000    00000100     --HOLE--

.data      0    20000100    00000014     
                  20000100    00000008     rtsv7M3_T_le_eabi.lib : _lock.obj (.data)
                  20000108    00000008                           : exit.obj (.data)
                  20000110    00000004                           : stkdepth_vars.obj (.data)

.bss       0    20000114    0000000c     UNINITIALIZED
                  20000114    0000000c     rit128x96x4.obj (.bss)


LINKER GENERATED COPY TABLES

__TI_cinit_table @ 00000ec8 records: 2, size/record: 8, table size: 16
	.data: load addr=00000ea0, load size=0000000f bytes, run addr=20000100, run size=00000014 bytes, compression=rle
	.bss: load addr=00000ec0, load size=00000008 bytes, run addr=20000114, run size=0000000c bytes, compression=zero_init


LINKER GENERATED HANDLER TABLE

__TI_handler_table @ 00000eb0 records: 3, size/record: 4, table size: 12
	index: 0, handler: __TI_decompress_rle
	index: 1, handler: __TI_decompress_none
	index: 2, handler: __TI_zero_init


GLOBAL SYMBOLS: SORTED ALPHABETICALLY BY Name 

address    name
--------   ----
00000a01   C$$EXIT
00000aad   GPIODirModeSet
0000049d   GPIOPadConfigSet
00000b35   GPIOPinTypeGPIOOutput
00000b47   GPIOPinTypeSSI
00000bb1   GPIOPinWrite
00000929   RIT128x96x4Clear
00000b7d   RIT128x96x4DisplayOff
0000087d   RIT128x96x4Enable
00000569   RIT128x96x4Init
000003c9   RIT128x96x4StringDraw
00000bb7   ResetISR
00000b89   SSIBusy
00000971   SSIConfigSetExpClk
00000b93   SSIDataPut
00000b9d   SSIDisable
00000ba7   SSIEnable
000000f1   SysCtlClockGet
0000029d   SysCtlClockSet
00000bbd   SysCtlDelay
00000add   SysCtlPeripheralEnable
20000100   __STACK_END
00000100   __STACK_SIZE
20000100   __STACK_TOP
00000ec8   __TI_CINIT_Base
00000ed8   __TI_CINIT_Limit
00000eb0   __TI_Handler_Table_Base
00000ebc   __TI_Handler_Table_Limit
00000001   __TI_args_main
000006a9   __TI_auto_init
00000b59   __TI_decompress_none
000009b9   __TI_decompress_rle
00000000   __TI_static_base__
00000b6b   __TI_zero_init
0000073d   __aeabi_memclr
0000073d   __aeabi_memclr4
0000073d   __aeabi_memclr8
0000060d   __aeabi_memcpy
0000060d   __aeabi_memcpy4
0000060d   __aeabi_memcpy8
0000073f   __aeabi_memset
0000073f   __aeabi_memset4
0000073f   __aeabi_memset8
ffffffff   __binit__
ffffffff   __c_args__
20000000   __stack
00000bc5   __tdeh_init
00000afd   _args_main
00000a79   _c_int00
20000108   _cleanup_ptr
2000010c   _dtors_ptr
20000100   _lock
00000b29   _nop
00000b23   _register_lock
00000b1d   _register_unlock
20000104   _unlock
00000a05   abort
ffffffff   binit
000008dd   copy_in
00000a0d   exit
00000000   g_pfnVectors
00000a45   main
20000110   main_func_sp
0000060d   memcpy
00000745   memset


GLOBAL SYMBOLS: SORTED BY Symbol Address 

address    name
--------   ----
00000000   __TI_static_base__
00000000   g_pfnVectors
00000001   __TI_args_main
000000f1   SysCtlClockGet
00000100   __STACK_SIZE
0000029d   SysCtlClockSet
000003c9   RIT128x96x4StringDraw
0000049d   GPIOPadConfigSet
00000569   RIT128x96x4Init
0000060d   __aeabi_memcpy
0000060d   __aeabi_memcpy4
0000060d   __aeabi_memcpy8
0000060d   memcpy
000006a9   __TI_auto_init
0000073d   __aeabi_memclr
0000073d   __aeabi_memclr4
0000073d   __aeabi_memclr8
0000073f   __aeabi_memset
0000073f   __aeabi_memset4
0000073f   __aeabi_memset8
00000745   memset
0000087d   RIT128x96x4Enable
000008dd   copy_in
00000929   RIT128x96x4Clear
00000971   SSIConfigSetExpClk
000009b9   __TI_decompress_rle
00000a01   C$$EXIT
00000a05   abort
00000a0d   exit
00000a45   main
00000a79   _c_int00
00000aad   GPIODirModeSet
00000add   SysCtlPeripheralEnable
00000afd   _args_main
00000b1d   _register_unlock
00000b23   _register_lock
00000b29   _nop
00000b35   GPIOPinTypeGPIOOutput
00000b47   GPIOPinTypeSSI
00000b59   __TI_decompress_none
00000b6b   __TI_zero_init
00000b7d   RIT128x96x4DisplayOff
00000b89   SSIBusy
00000b93   SSIDataPut
00000b9d   SSIDisable
00000ba7   SSIEnable
00000bb1   GPIOPinWrite
00000bb7   ResetISR
00000bbd   SysCtlDelay
00000bc5   __tdeh_init
00000eb0   __TI_Handler_Table_Base
00000ebc   __TI_Handler_Table_Limit
00000ec8   __TI_CINIT_Base
00000ed8   __TI_CINIT_Limit
20000000   __stack
20000100   __STACK_END
20000100   __STACK_TOP
20000100   _lock
20000104   _unlock
20000108   _cleanup_ptr
2000010c   _dtors_ptr
20000110   main_func_sp
ffffffff   __binit__
ffffffff   __c_args__
ffffffff   binit

[133 symbols]
