******************************************************************************
                  TMS470 Linker PC v4.9.0                      
******************************************************************************
>> Linked Sat May 14 15:26:48 2016

OUTPUT FILE NAME:   <ProjectX.out>
ENTRY POINT SYMBOL: "_c_int00"  address: 00001255


MEMORY CONFIGURATION

         name            origin    length      used     unused   attr    fill
----------------------  --------  ---------  --------  --------  ----  --------
  FLASH                 00000000   00040000  0000186a  0003e796  R  X
  SRAM                  20000000   00010000  00000288  0000fd78  RW X


SEGMENT ALLOCATION MAP

run origin  load origin   length   init length attrs members
----------  ----------- ---------- ----------- ----- -------
00000000    00000000    00001870   00001870    r-x
  00000000    00000000    000000f0   000000f0    r-- .intvecs
  000000f0    000000f0    0000143e   0000143e    r-x .text
  00001530    00001530    000002f4   000002f4    r-- .const
  00001828    00001828    00000048   00000048    r-- .cinit
20000000    20000000    00000254   00000000    rw-
  20000000    20000000    0000011c   00000000    rw- .vtable
  2000011c    2000011c    00000100   00000000    rw- .stack
  2000021c    2000021c    00000038   00000000    rw- .bss
20000254    20000254    00000034   00000034    rw-
  20000254    20000254    00000034   00000034    rw- .data


SECTION ALLOCATION MAP

 output                                  attributes/
section   page    origin      length       input sections
--------  ----  ----------  ----------   ----------------
.intvecs   0    00000000    000000f0     
                  00000000    000000f0     startup_ccs.obj (.intvecs)

.text      0    000000f0    0000143e     
                  000000f0    00000478     ustdlib.obj (.text)
                  00000568    0000038c     rit128x96x4.obj (.text)
                  000008f4    000001ac     driverlib.lib : sysctl.obj (.text:SysCtlClockGet)
                  00000aa0    000001ac     my_adc.obj (.text)
                  00000c4c    0000012c     driverlib.lib : sysctl.obj (.text:SysCtlClockSet)
                  00000d78    000000cc                   : gpio.obj (.text:GPIOPadConfigSet)
                  00000e44    000000b4                   : gpio.obj (.text:GPIOGetIntNumber)
                  00000ef8    0000009c     rtsv7M3_T_le_eabi.lib : memcpy_t2.obj (.text)
                  00000f94    00000094                           : auto_init.obj (.text)
                  00001028    0000007c     driverlib.lib : interrupt.obj (.text:IntEnable)
                  000010a4    0000005e     rtsv7M3_T_le_eabi.lib : copy_decompress_rle.obj (.text)
                  00001102    00000048     driverlib.lib : ssi.obj (.text:SSIConfigSetExpClk)
                  0000114a    00000002     rtsv7M3_T_le_eabi.lib : tdeh_init.obj (.text)
                  0000114c    00000048                           : cpy_tbl.obj (.text)
                  00001194    00000044     driverlib.lib : gpio.obj (.text:GPIOIntTypeSet)
                  000011d8    00000044     rtsv7M3_T_le_eabi.lib : exit.obj (.text)
                  0000121c    00000038     driverlib.lib : interrupt.obj (.text:IntRegister)
                  00001254    00000034     rtsv7M3_T_le_eabi.lib : boot.obj (.text)
                  00001288    00000030                           : strncpy.obj (.text)
                  000012b8    0000002e     driverlib.lib : gpio.obj (.text:GPIODirModeSet)
                  000012e6    00000028                   : pwm.obj (.text:PWMGenConfigure)
                  0000130e    00000026     rtsv7M3_T_le_eabi.lib : strncmp.obj (.text)
                  00001334    00000020     driverlib.lib : sysctl.obj (.text:SysCtlPeripheralEnable)
                  00001354    00000020     rtsv7M3_T_le_eabi.lib : args_main.obj (.text)
                  00001374    0000001e     driverlib.lib : pwm.obj (.text:PWMPulseWidthSet)
                  00001392    00000002     --HOLE-- [fill = 0]
                  00001394    0000001c                   : systick.obj (.text:SysTickIntRegister)
                  000013b0    00000018                   : gpio.obj (.text:GPIOPortIntRegister)
                  000013c8    00000018     rtsv7M3_T_le_eabi.lib : _lock.obj (.text)
                  000013e0    00000016     driverlib.lib : pwm.obj (.text:PWMOutputState)
                  000013f6    00000014                   : pwm.obj (.text:PWMGenPeriodSet)
                  0000140a    00000002     --HOLE-- [fill = 0]
                  0000140c    00000014                   : systick.obj (.text:SysTickEnable)
                  00001420    00000014     rtsv7M3_T_le_eabi.lib : strlen.obj (.text)
                  00001434    00000012     driverlib.lib : gpio.obj (.text:GPIOPinTypeGPIOOutput)
                  00001446    00000012                   : gpio.obj (.text:GPIOPinTypePWM)
                  00001458    00000012                   : gpio.obj (.text:GPIOPinTypeSSI)
                  0000146a    00000012                   : ssi.obj (.text:SSIDataGetNonBlocking)
                  0000147c    00000012     rtsv7M3_T_le_eabi.lib : copy_zero_init.obj (.text:decompress:ZI)
                  0000148e    00000002     --HOLE-- [fill = 0]
                  00001490    00000010     driverlib.lib : systick.obj (.text:SysTickPeriodSet)
                  000014a0    0000000e     rtsv7M3_T_le_eabi.lib : copy_decompress_none.obj (.text:decompress:none)
                  000014ae    0000000c     driverlib.lib : cpu.obj (.text:CPUcpsie)
                  000014ba    0000000c                   : gpio.obj (.text:GPIOPinIntEnable)
                  000014c6    0000000c                   : pwm.obj (.text:PWMGenEnable)
                  000014d2    0000000c     startup_ccs.obj (.text)
                  000014de    0000000a     driverlib.lib : interrupt.obj (.text:IntMasterEnable)
                  000014e8    0000000a                   : ssi.obj (.text:SSIBusy)
                  000014f2    0000000a                   : ssi.obj (.text:SSIDataPut)
                  000014fc    0000000a                   : ssi.obj (.text:SSIDisable)
                  00001506    0000000a                   : ssi.obj (.text:SSIEnable)
                  00001510    00000006                   : gpio.obj (.text:GPIOPinIntClear)
                  00001516    00000006                   : gpio.obj (.text:GPIOPinRead)
                  0000151c    00000006                   : gpio.obj (.text:GPIOPinWrite)
                  00001522    00000006                   : sysctl.obj (.text:SysCtlDelay)
                  00001528    00000006     rtsv7M3_T_le_eabi.lib : copy_decompress_rle.obj (.text:decompress:rle24)

.const     0    00001530    000002f4     
                  00001530    000001e0     rit128x96x4.obj (.const:g_pucFont)
                  00001710    0000005c     driverlib.lib : sysctl.obj (.const:g_pulXtals)
                  0000176c    0000004f     rit128x96x4.obj (.const:g_pucRIT128x96x4Init)
                  000017bb    00000001     --HOLE-- [fill = 0]
                  000017bc    00000040     driverlib.lib : sysctl.obj (.const)
                  000017fc    0000001c     ustdlib.obj (.const)
                  00001818    0000000c     rit128x96x4.obj (.const)

.cinit     0    00001828    00000048     
                  00001828    00000012     (.cinit..data.load) [load image, compression = rle]
                  0000183a    00000002     --HOLE-- [fill = 0]
                  0000183c    0000000c     (__TI_handler_table)
                  00001848    00000008     (.cinit..bss.load) [load image, compression = zero_init]
                  00001850    00000008     (.cinit..vtable.load) [load image, compression = zero_init]
                  00001858    00000018     (__TI_cinit_table)

.vtable    0    20000000    0000011c     UNINITIALIZED
                  20000000    0000011c     driverlib.lib : interrupt.obj (.vtable)

.stack     0    2000011c    00000100     UNINITIALIZED
                  2000011c    00000100     --HOLE--

.bss       0    2000021c    00000038     UNINITIALIZED
                  2000021c    00000028     my_adc.obj (.bss:strBuf)
                  20000244    0000000c     rit128x96x4.obj (.bss)
                  20000250    00000004     my_adc.obj (.bss)

.data      0    20000254    00000034     
                  20000254    00000020     my_adc.obj (.data)
                  20000274    00000008     rtsv7M3_T_le_eabi.lib : _lock.obj (.data)
                  2000027c    00000008                           : exit.obj (.data)
                  20000284    00000004                           : stkdepth_vars.obj (.data)


LINKER GENERATED COPY TABLES

__TI_cinit_table @ 00001858 records: 3, size/record: 8, table size: 24
	.data: load addr=00001828, load size=00000012 bytes, run addr=20000254, run size=00000034 bytes, compression=rle
	.bss: load addr=00001848, load size=00000008 bytes, run addr=2000021c, run size=00000038 bytes, compression=zero_init
	.vtable: load addr=00001850, load size=00000008 bytes, run addr=20000000, run size=0000011c bytes, compression=zero_init


LINKER GENERATED HANDLER TABLE

__TI_handler_table @ 0000183c records: 3, size/record: 4, table size: 12
	index: 0, handler: __TI_zero_init
	index: 1, handler: __TI_decompress_rle24
	index: 2, handler: __TI_decompress_none


GLOBAL SYMBOLS: SORTED ALPHABETICALLY BY Name 

address    name
--------   ----
2000025c   Av
20000270   Av_Count
000011d9   C$$EXIT
000014af   CPUcpsie
20000258   Distance
00000b91   EchoReceive
000012b9   GPIODirModeSet
00001195   GPIOIntTypeSet
00000d79   GPIOPadConfigSet
00001511   GPIOPinIntClear
000014bb   GPIOPinIntEnable
00001517   GPIOPinRead
00001435   GPIOPinTypeGPIOOutput
00001447   GPIOPinTypePWM
00001459   GPIOPinTypeSSI
0000151d   GPIOPinWrite
000013b1   GPIOPortIntRegister
00001029   IntEnable
000014df   IntMasterEnable
0000121d   IntRegister
000012e7   PWMGenConfigure
000014c7   PWMGenEnable
000013f7   PWMGenPeriodSet
000013e1   PWMOutputState
00001375   PWMPulseWidthSet
00000721   RIT128x96x4Clear
00000879   RIT128x96x4Disable
0000086d   RIT128x96x4DisplayOff
00000851   RIT128x96x4DisplayOn
000006cb   RIT128x96x4Enable
000007f5   RIT128x96x4ImageDraw
00000759   RIT128x96x4Init
00000605   RIT128x96x4StringDraw
000014d3   ResetISR
000014e9   SSIBusy
00001103   SSIConfigSetExpClk
0000146b   SSIDataGetNonBlocking
000014f3   SSIDataPut
000014fd   SSIDisable
00001507   SSIEnable
000008f5   SysCtlClockGet
00000c4d   SysCtlClockSet
00001523   SysCtlDelay
00001335   SysCtlPeripheralEnable
0000140d   SysTickEnable
00001395   SysTickIntRegister
00001491   SysTickPeriodSet
20000254   Timer
00000b87   Timer_Counter
2000021c   __STACK_END
00000100   __STACK_SIZE
2000021c   __STACK_TOP
00001858   __TI_CINIT_Base
00001870   __TI_CINIT_Limit
0000183c   __TI_Handler_Table_Base
00001848   __TI_Handler_Table_Limit
00000001   __TI_args_main
00000f95   __TI_auto_init
000014a1   __TI_decompress_none
00001529   __TI_decompress_rle24
00000000   __TI_static_base__
0000147d   __TI_zero_init
00000ef9   __aeabi_memcpy
00000ef9   __aeabi_memcpy4
00000ef9   __aeabi_memcpy8
ffffffff   __binit__
ffffffff   __c_args__
2000011c   __stack
0000114b   __tdeh_init
00001355   _args_main
00001255   _c_int00
2000027c   _cleanup_ptr
20000280   _dtors_ptr
20000274   _lock
000013d5   _nop
000013cf   _register_lock
000013c9   _register_unlock
20000278   _unlock
000011dd   abort
ffffffff   binit
0000114d   copy_in
000011e5   exit
20000000   g_pfnRAMVectors
00000000   g_pfnVectors
00000abf   initialise
00000b7b   main
20000284   main_func_sp
00000ef9   memcpy
2000021c   strBuf
00001421   strlen
0000130f   strncmp
00001289   strncpy
20000250   ulPeriod
000004bf   ulocaltime
00000aa1   updateDisplay
000004a5   usnprintf
00000485   usprintf
0000047d   ustrcasecmp
00000437   ustrnicmp
0000040b   ustrstr
00000367   ustrtoul
000000f1   uvsnprintf


GLOBAL SYMBOLS: SORTED BY Symbol Address 

address    name
--------   ----
00000000   __TI_static_base__
00000000   g_pfnVectors
00000001   __TI_args_main
000000f1   uvsnprintf
00000100   __STACK_SIZE
00000367   ustrtoul
0000040b   ustrstr
00000437   ustrnicmp
0000047d   ustrcasecmp
00000485   usprintf
000004a5   usnprintf
000004bf   ulocaltime
00000605   RIT128x96x4StringDraw
000006cb   RIT128x96x4Enable
00000721   RIT128x96x4Clear
00000759   RIT128x96x4Init
000007f5   RIT128x96x4ImageDraw
00000851   RIT128x96x4DisplayOn
0000086d   RIT128x96x4DisplayOff
00000879   RIT128x96x4Disable
000008f5   SysCtlClockGet
00000aa1   updateDisplay
00000abf   initialise
00000b7b   main
00000b87   Timer_Counter
00000b91   EchoReceive
00000c4d   SysCtlClockSet
00000d79   GPIOPadConfigSet
00000ef9   __aeabi_memcpy
00000ef9   __aeabi_memcpy4
00000ef9   __aeabi_memcpy8
00000ef9   memcpy
00000f95   __TI_auto_init
00001029   IntEnable
00001103   SSIConfigSetExpClk
0000114b   __tdeh_init
0000114d   copy_in
00001195   GPIOIntTypeSet
000011d9   C$$EXIT
000011dd   abort
000011e5   exit
0000121d   IntRegister
00001255   _c_int00
00001289   strncpy
000012b9   GPIODirModeSet
000012e7   PWMGenConfigure
0000130f   strncmp
00001335   SysCtlPeripheralEnable
00001355   _args_main
00001375   PWMPulseWidthSet
00001395   SysTickIntRegister
000013b1   GPIOPortIntRegister
000013c9   _register_unlock
000013cf   _register_lock
000013d5   _nop
000013e1   PWMOutputState
000013f7   PWMGenPeriodSet
0000140d   SysTickEnable
00001421   strlen
00001435   GPIOPinTypeGPIOOutput
00001447   GPIOPinTypePWM
00001459   GPIOPinTypeSSI
0000146b   SSIDataGetNonBlocking
0000147d   __TI_zero_init
00001491   SysTickPeriodSet
000014a1   __TI_decompress_none
000014af   CPUcpsie
000014bb   GPIOPinIntEnable
000014c7   PWMGenEnable
000014d3   ResetISR
000014df   IntMasterEnable
000014e9   SSIBusy
000014f3   SSIDataPut
000014fd   SSIDisable
00001507   SSIEnable
00001511   GPIOPinIntClear
00001517   GPIOPinRead
0000151d   GPIOPinWrite
00001523   SysCtlDelay
00001529   __TI_decompress_rle24
0000183c   __TI_Handler_Table_Base
00001848   __TI_Handler_Table_Limit
00001858   __TI_CINIT_Base
00001870   __TI_CINIT_Limit
20000000   g_pfnRAMVectors
2000011c   __stack
2000021c   __STACK_END
2000021c   __STACK_TOP
2000021c   strBuf
20000250   ulPeriod
20000254   Timer
20000258   Distance
2000025c   Av
20000270   Av_Count
20000274   _lock
20000278   _unlock
2000027c   _cleanup_ptr
20000280   _dtors_ptr
20000284   main_func_sp
ffffffff   __binit__
ffffffff   __c_args__
ffffffff   binit

[102 symbols]
